[leilakzaki.wixsite.com/qawam.html]
[backblue.gif]
[fade.gif]
[index.html]
[leilakzaki.wixsite.com/sitemap.xml]
[leilakzaki.wixsite.com/feed.xml]
[browser.sentry-cdn.com/4.6.2/bundle.min.js]
[static.parastorage.com/unpkg/requirejs-bolt@2.3.6/requirejs.min.js]
[static.parastorage.com/services/wix-bolt/1.2344.0/bolt-main/app/main-r.min.js]
[static.parastorage.com/services/wix-bolt/1.2344.0/node_modules/wix-santa/static/css/viewer.min.css]
[static.parastorage.com/services/santa-resources/resources/viewer/user-site-fonts/v5/languages.css]
[static.parastorage.com/services/skins/2.1229.80/images/wysiwyg/core/themes/base/cursor_zoom_out.png]
[static.parastorage.com/services/skins/2.1229.80/images/wysiwyg/core/themes/base/cursor_zoom_in.png]
[static.parastorage.com/services/skins/2.1229.80/images/wysiwyg/core/themes/base/liftedshadow_medium.png]
[static.wixstatic.com/media/0983ceb77a4e49c6978e4515d8a454f6.jpg/v1/fill/w_480,h_291,al_c,q_80,usm_0.66_1.00_0.01,blur_2/0983ceb77a4e49c6978e4515d8a454f6.jpg]
[static.wixstatic.com/media/3aecc9_5fea345c3d7648fe93c9d72b9e6df748_mv2_d_1748_2480_s_2.png/v1/crop/x_0,y_40,w_1748,h_2399/fill/w_147,h_202,al_c,usm_0.66_1.00_0.01,blur_2/logo png.png]
[static.wixstatic.com/media/2301ab_adf54be47689453199d87ffb2bdb221a_mv2.jpg/v1/fill/w_253,h_122,al_c,q_80,usm_0.66_1.00_0.01,blur_2/2301ab_adf54be47689453199d87ffb2bdb221a_mv2.jpg]
[static.wixstatic.com/media/2301ab_67564fa9a04641e0a8987af636313b9f_mv2.png/v1/fill/w_184,h_184,al_c,usm_0.66_1.00_0.01,blur_2/2301ab_67564fa9a04641e0a8987af636313b9f_mv2.png]
[static.wixstatic.com/media/3aecc9_5fea345c3d7648fe93c9d72b9e6df748_mv2_d_1/v1/fill/w_82,h_117,al_c,usm_0.66_1.00_0.01,blur_3/3aecc9_5fea345c3d7648fe93c9d72b9e6df748_mv2_d_1748_2480_s_2.f.d]
[leilakzaki.wixsite.com/qawam/contact.html]
[leilakzaki.wixsite.com/qawam/aaraa-alhalat.html]
[leilakzaki.wixsite.com/qawam/blog.html]
[leilakzaki.wixsite.com/qawam/ahdth-alanjazat.html]
[leilakzaki.wixsite.com/qawam/services.html]
[leilakzaki.wixsite.com/qawam/d-mhmd-alfwla.html]
[static.wixstatic.com/media/3aecc9_7f7b513f44eb4b279bb2790d45f4fc94_mv2_d_5760_3840_s_4_2.jpg/v1/fill/w_197,h_131,al_c,q_80,usm_0.66_1.00_0.01,blur_2/#1.jpg]
[static.wixstatic.com/media/11062b_2042bb7351284f0f982e4787d37415e6f000.jpg/v1/fill/w_192,h_108,al_c,q_80,usm_0.66_1.00_0.01,blur_2/11062b_2042bb7351284f0f982e4787d37415e6f000.jpg]
[static.wixstatic.com/media/0da768_0c5ce9e2ffa442bea0b79b690223a939_mv2.png]
[leilakzaki.wixsite.com/qawam.html]
[leilakzaki.wixsite.com/sitemap.html]
[leilakzaki.wixsite.com/feed.html]
[static.parastorage.com/services/wix-bolt/1.2344.0/node_modules/wix-santa/static/css/viewer.min.css]
[static.parastorage.com/services/santa-resources/resources/viewer/user-site-fonts/v5/languages.css]
[leilakzaki.wixsite.com/qawam/robots.txt]
[leilakzaki.wixsite.com/qawam/sitemap.xml]
[leilakzaki.wixsite.com/qawam/feed.xml]
[static.wixstatic.com/media/38567b0b5eb55f8eba96f60fa6356630.png/v1/crop/x_0,y_133,w_423,h_158,blur_5/38567b0b5eb55f8eba96f60fa6356630.png]
[leilakzaki.wixsite.com/qawam/contact.html]
[static.parastorage.com/services/wix-bolt/1.2345.0/bolt-main/app/main-r.min.js]
[static.parastorage.com/services/wix-bolt/1.2345.0/node_modules/wix-santa/static/css/viewer.min.css]
[static.wixstatic.com/media/d532b29bc0c448b29f47672da7b07613.jpg/v1/fill/w_480,h_320,al_c,q_80,usm_0.66_1.00_0.01,blur_2/d532b29bc0c448b29f47672da7b07613.jpg]
[static.wixstatic.com/media/11062b_2042bb7351284f0f982e4787d37415e6f000.jpg/v1/fill/w_200,h_113,al_c,q_80,usm_0.66_1.00_0.01,blur_2/11062b_2042bb7351284f0f982e4787d37415e6f000.jpg]
[leilakzaki.wixsite.com/qawam/aaraa-alhalat.html]
[leilakzaki.wixsite.com/qawam/blog.html]
[static.wixstatic.com/media/3aecc9_6f241e836d794708ad68595767265c75_mv2.png/v1/fill/w_80,h_45,al_c,usm_0.66_1.00_0.01,blur_2/3aecc9_6f241e836d794708ad68595767265c75_mv2.png]
[leilakzaki.wixsite.com/qawam/services.html]
[leilakzaki.wixsite.com/qawam/ahdth-alanjazat.html]
[leilakzaki.wixsite.com/qawam/d-mhmd-alfwla.html]
[leilakzaki.wixsite.com/qawam/robots.html]
[leilakzaki.wixsite.com/qawam/feed.html]
[static.parastorage.com/services/wix-bolt/1.2345.0/node_modules/wix-santa/static/css/viewer.min.css]
[static.wixstatic.com/media/3aecc9_587802467e4a4d52a8428a6f6ef47b8e_mv2_d_2/v1/fill/w_90,h_54,al_c,q_80,usm_0.66_1.00_0.01,blur_2/3aecc9_587802467e4a4d52a8428a6f6ef47b8e_mv2_d_2500_1500_s_2]
